[2026-03-24 18:52:42] INFO  ResrAssuredAutomationFramework - Created user
[2026-03-24 18:52:42] INFO  ResrAssuredAutomationFramework - Got user info.
[2026-03-24 18:52:43] INFO  ResrAssuredAutomationFramework - Updated user
[2026-03-24 18:52:43] INFO  ResrAssuredAutomationFramework - Deleted user
[2026-03-24 18:52:46] INFO  ResrAssuredAutomationFramework - Created Pet
[2026-03-24 18:52:47] INFO  ResrAssuredAutomationFramework - Updated Pet info.
[2026-03-24 18:52:48] INFO  ResrAssuredAutomationFramework - Deleted Pet
[2026-03-24 19:17:39] INFO  ResrAssuredAutomationFramework - Created user
[2026-03-24 19:17:40] INFO  ResrAssuredAutomationFramework - Got user info.
[2026-03-24 19:17:40] INFO  ResrAssuredAutomationFramework - Updated user
[2026-03-24 19:17:40] INFO  ResrAssuredAutomationFramework - Deleted user
[2026-03-24 19:17:42] INFO  ResrAssuredAutomationFramework - Created Pet
[2026-03-24 19:17:43] INFO  ResrAssuredAutomationFramework - Updated Pet info.
[2026-03-24 19:17:43] INFO  ResrAssuredAutomationFramework - Deleted Pet
[2026-03-24 19:36:49] INFO  ResrAssuredAutomationFramework - Created user
[2026-03-24 19:36:50] INFO  ResrAssuredAutomationFramework - Got user info.
[2026-03-24 19:36:50] INFO  ResrAssuredAutomationFramework - Updated user
[2026-03-24 19:36:50] INFO  ResrAssuredAutomationFramework - Deleted user
[2026-03-24 19:36:53] INFO  PetTestJson - Created Pet
[2026-03-24 19:36:53] INFO  PetTestJson - Updated Pet info.
[2026-03-24 19:36:53] INFO  PetTestJson - Deleted Pet
[2026-03-24 19:38:31] INFO  ResrAssuredAutomationFramework - Created user
[2026-03-24 19:38:31] INFO  ResrAssuredAutomationFramework - Got user info.
[2026-03-24 19:38:31] INFO  ResrAssuredAutomationFramework - Updated user
[2026-03-24 19:38:32] INFO  ResrAssuredAutomationFramework - Deleted user
[2026-03-24 19:38:34] INFO  PetTestJson - Created Pet
[2026-03-24 19:38:34] INFO  PetTestJson - Updated Pet info.
[2026-03-24 19:38:35] INFO  PetTestJson - Deleted Pet
[2026-03-24 20:16:11] INFO  ResrAssuredAutomationFramework - Created user
[2026-03-24 20:16:11] INFO  ResrAssuredAutomationFramework - Got user info.
[2026-03-24 20:16:12] INFO  ResrAssuredAutomationFramework - Updated user
[2026-03-24 20:16:13] INFO  ResrAssuredAutomationFramework - Deleted user
[2026-03-24 20:16:15] INFO  PetTestJson - Created Pet
[2026-03-24 20:16:16] INFO  PetTestJson - Updated Pet info.
[2026-03-24 20:16:17] INFO  PetTestJson - Deleted Pet
